Real_Time_Situation (
   Generation_Tool    => "MAST Schedulability Analysis, version 1.7.0.0",
   Generation_Profile => "C:\Users\Lenovo\Downloads\mast-bin-win-1-7-0-0\mast_analysis.exe default C:\Users\Lenovo\Documents\GitHub\obdh_proy_26_enrique_mateo\DJF\MAST\mast_hito_final C:\Users\Lenovo\Documents\GitHub\obdh_proy_26_enrique_mateo\DJF\MAST\mast_hito_final.out",
   Generation_Date    => 2026-06-01T14:34:01);

Transaction (
   Name     => transflightctrl,
   Results  => 
       ((Type                          => Timing_Result,
         Event_Name                    => dl_flight_ctrl,
         Num_Of_Suspensions            => 1,
         Worst_Blocking_Time           => 1.000E-04,
         Worst_Global_Response_Times   => 
            ((Referenced_Event => evflightctrl,
              Time_Value       => 0.051268)),
         Best_Global_Response_Times    => 
            ((Referenced_Event => evflightctrl,
              Time_Value       => 0.050102)),
         Jitters                       => 
            ((Referenced_Event => evflightctrl,
              Time_Value       => 0.001166)))));

Transaction (
   Name     => transflightplanabort,
   Results  => 
       ((Type                          => Timing_Result,
         Event_Name                    => dl_abort_flight_plan,
         Num_Of_Suspensions            => 1,
         Worst_Blocking_Time           => 1.000E-04,
         Worst_Global_Response_Times   => 
            ((Referenced_Event => evhkfdir,
              Time_Value       => 0.168024)),
         Best_Global_Response_Times    => 
            ((Referenced_Event => evhkfdir,
              Time_Value       => 0.013206)),
         Jitters                       => 
            ((Referenced_Event => evhkfdir,
              Time_Value       => 0.154818))),
        (Type                          => Timing_Result,
         Event_Name                    => ev_sevaction,
         Num_Of_Suspensions            => 0,
         Worst_Blocking_Time           => 0.000,
         Worst_Global_Response_Times   => 
            ((Referenced_Event => evhkfdir,
              Time_Value       => 0.063384)),
         Best_Global_Response_Times    => 
            ((Referenced_Event => evhkfdir,
              Time_Value       => 0.010102)),
         Jitters                       => 
            ((Referenced_Event => evhkfdir,
              Time_Value       => 0.053282))),
        (Type                          => Timing_Result,
         Event_Name                    => ev_sdronetc,
         Num_Of_Suspensions            => 1,
         Worst_Blocking_Time           => 1.000E-04,
         Worst_Global_Response_Times   => 
            ((Referenced_Event => evhkfdir,
              Time_Value       => 0.116756)),
         Best_Global_Response_Times    => 
            ((Referenced_Event => evhkfdir,
              Time_Value       => 0.012204)),
         Jitters                       => 
            ((Referenced_Event => evhkfdir,
              Time_Value       => 0.104552)))));

Processing_Resource (
   Name     => leon3,
   Results  => 
       ((Type   => Utilization,
         Total  => 51.52%)));

